// Jest Snapshot v1, https://goo.gl/fbAQLP

exports[`<Main /> should render the heading 1`] = `
<main
  class="styles__Container-sc-1cs6c8-0 gzogom"
>
  <img
    alt="Imagem de um átomo e React Avançado escrito ao lado"
    class="styles__Logo-sc-1cs6c8-1 igVxLV"
    src="/images/logo.svg"
  />
  <h1
    class="styles__Title-sc-1cs6c8-2 VHROD"
  >
    Nextjs
  </h1>
  <p
    class="styles__Description-sc-1cs6c8-3 ujdfM"
  >
    Typescript, Reactjs, Nextjs e Styled components
  </p>
  <img
    alt="Um desenvolvedor de frente para uma tela com código"
    class="styles__Illustration-sc-1cs6c8-4 frJyYJ"
    src="/images/hero-illustration.svg"
  />
</main>
`;
